== pip install -e . (core inference only) ==
Obtaining file:///home/thomas/Dev/red-valley/tools/ardy_eval/ardy
  Installing build dependencies: started
  Installing build dependencies: finished with status 'done'
  Checking if build backend supports build_editable: started
  Checking if build backend supports build_editable: finished with status 'done'
  Getting requirements to build editable: started
  Getting requirements to build editable: finished with status 'done'
  Preparing editable metadata (pyproject.toml): started
  Preparing editable metadata (pyproject.toml): finished with status 'done'
Collecting hydra-core>=1.3 (from ardy==0.2.0)
  Downloading hydra_core-1.3.5-py3-none-any.whl.metadata (5.7 kB)
Collecting omegaconf>=2.3 (from ardy==0.2.0)
  Using cached omegaconf-2.3.1-py3-none-any.whl.metadata (4.5 kB)
Collecting pydantic>=2.0 (from ardy==0.2.0)
  Using cached pydantic-2.13.4-py3-none-any.whl.metadata (109 kB)
Collecting numpy<2,>=1.23 (from ardy==0.2.0)
  Using cached numpy-1.26.4-cp310-cp310-manylinux_2_17_x86_64.manylinux2014_x86_64.whl.metadata (61 kB)
Collecting scipy>=1.10 (from ardy==0.2.0)
  Using cached scipy-1.15.3-cp310-cp310-manylinux_2_17_x86_64.manylinux2014_x86_64.whl.metadata (61 kB)
Requirement already satisfied: torch>=2.4.0a0 in /home/thomas/Dev/red-valley/tools/ardy_eval/.venv/lib/python3.10/site-packages (from ardy==0.2.0) (2.5.1+cu124)
Collecting transformers==5.8.1 (from ardy==0.2.0)
  Downloading transformers-5.8.1-py3-none-any.whl.metadata (33 kB)
Collecting peft>=0.19 (from ardy==0.2.0)
  Downloading peft-0.20.0-py3-none-any.whl.metadata (14 kB)
Collecting einops>=0.7 (from ardy==0.2.0)
  Using cached einops-0.8.2-py3-none-any.whl.metadata (13 kB)
Collecting vector-quantize-pytorch<1.26,>=1.25 (from ardy==0.2.0)
  Downloading vector_quantize_pytorch-1.25.2-py3-none-any.whl.metadata (30 kB)
Collecting huggingface_hub>=1.0 (from ardy==0.2.0)
  Using cached huggingface_hub-1.28.0-py3-none-any.whl.metadata (16 kB)
Collecting safetensors>=0.4 (from ardy==0.2.0)
  Using cached safetensors-0.8.0-cp310-abi3-manylinux_2_17_x86_64.manylinux2014_x86_64.whl.metadata (4.2 kB)
Collecting gradio_client>=2.0 (from ardy==0.2.0)
  Using cached gradio_client-2.6.0-py3-none-any.whl.metadata (7.1 kB)
Collecting tqdm>=4.0 (from ardy==0.2.0)
  Using cached tqdm-4.70.0-py3-none-any.whl.metadata (57 kB)
Requirement already satisfied: packaging>=21.0 in /home/thomas/Dev/red-valley/tools/ardy_eval/.venv/lib/python3.10/site-packages (from ardy==0.2.0) (26.3)
Collecting pyyaml>=5.1 (from transformers==5.8.1->ardy==0.2.0)
  Using cached pyyaml-6.0.3-cp310-cp310-manylinux2014_x86_64.manylinux_2_17_x86_64.manylinux_2_28_x86_64.whl.metadata (2.4 kB)
Collecting regex>=2025.10.22 (from transformers==5.8.1->ardy==0.2.0)
  Using cached regex-2026.7.19-cp310-cp310-manylinux2014_x86_64.manylinux_2_17_x86_64.manylinux_2_28_x86_64.whl.metadata (40 kB)
Collecting tokenizers<=0.23.0,>=0.22.0 (from transformers==5.8.1->ardy==0.2.0)
  Using cached tokenizers-0.22.2-cp39-abi3-manylinux_2_17_x86_64.manylinux2014_x86_64.whl.metadata (7.3 kB)
Collecting typer (from transformers==5.8.1->ardy==0.2.0)
  Using cached typer-0.27.1-py3-none-any.whl.metadata (16 kB)
Collecting click<9.0.0,>=8.4.2 (from huggingface_hub>=1.0->ardy==0.2.0)
  Using cached click-8.4.2-py3-none-any.whl.metadata (2.6 kB)
Requirement already satisfied: filelock>=3.10.0 in /home/thomas/Dev/red-valley/tools/ardy_eval/.venv/lib/python3.10/site-packages (from huggingface_hub>=1.0->ardy==0.2.0) (3.32.3)
Requirement already satisfied: fsspec>=2023.5.0 in /home/thomas/Dev/red-valley/tools/ardy_eval/.venv/lib/python3.10/site-packages (from huggingface_hub>=1.0->ardy==0.2.0) (2026.7.0)
Collecting hf-xet<2.0.0,>=1.5.2 (from huggingface_hub>=1.0->ardy==0.2.0)
  Using cached hf_xet-1.6.0-cp38-abi3-manylinux2014_x86_64.manylinux_2_17_x86_64.whl.metadata (4.9 kB)
Collecting httpx<1,>=0.23.0 (from huggingface_hub>=1.0->ardy==0.2.0)
  Using cached httpx-0.28.1-py3-none-any.whl.metadata (7.1 kB)
Requirement already satisfied: typing-extensions>=4.1.0 in /home/thomas/Dev/red-valley/tools/ardy_eval/.venv/lib/python3.10/site-packages (from huggingface_hub>=1.0->ardy==0.2.0) (4.16.0)
Collecting anyio (from httpx<1,>=0.23.0->huggingface_hub>=1.0->ardy==0.2.0)
  Using cached anyio-4.14.2-py3-none-any.whl.metadata (4.6 kB)
Collecting certifi (from httpx<1,>=0.23.0->huggingface_hub>=1.0->ardy==0.2.0)
  Using cached certifi-2026.7.22-py3-none-any.whl.metadata (2.5 kB)
Collecting httpcore==1.* (from httpx<1,>=0.23.0->huggingface_hub>=1.0->ardy==0.2.0)
  Using cached httpcore-1.0.9-py3-none-any.whl.metadata (21 kB)
Collecting idna (from httpx<1,>=0.23.0->huggingface_hub>=1.0->ardy==0.2.0)
  Using cached idna-3.19-py3-none-any.whl.metadata (9.2 kB)
Collecting h11>=0.16 (from httpcore==1.*->httpx<1,>=0.23.0->huggingface_hub>=1.0->ardy==0.2.0)
  Using cached h11-0.16.0-py3-none-any.whl.metadata (8.3 kB)
Collecting einx>=0.3.0 (from vector-quantize-pytorch<1.26,>=1.25->ardy==0.2.0)
  Downloading einx-0.4.3-py3-none-any.whl.metadata (6.9 kB)
Requirement already satisfied: sympy in /home/thomas/Dev/red-valley/tools/ardy_eval/.venv/lib/python3.10/site-packages (from einx>=0.3.0->vector-quantize-pytorch<1.26,>=1.25->ardy==0.2.0) (1.13.1)
Collecting frozendict (from einx>=0.3.0->vector-quantize-pytorch<1.26,>=1.25->ardy==0.2.0)
  Downloading frozendict-2.4.7-cp310-cp310-manylinux2014_x86_64.manylinux_2_17_x86_64.manylinux_2_28_x86_64.whl.metadata (23 kB)
Collecting antlr4-python3-runtime==4.9.* (from hydra-core>=1.3->ardy==0.2.0)
  Using cached antlr4_python3_runtime-4.9.3-py3-none-any.whl
Collecting psutil (from peft>=0.19->ardy==0.2.0)
  Using cached psutil-7.2.2-cp36-abi3-manylinux2010_x86_64.manylinux_2_12_x86_64.manylinux_2_28_x86_64.whl.metadata (22 kB)
Collecting accelerate>=0.21.0 (from peft>=0.19->ardy==0.2.0)
  Downloading accelerate-1.14.0-py3-none-any.whl.metadata (19 kB)
Collecting annotated-types>=0.6.0 (from pydantic>=2.0->ardy==0.2.0)
  Using cached annotated_types-0.8.0-py3-none-any.whl.metadata (15 kB)
Collecting pydantic-core==2.46.4 (from pydantic>=2.0->ardy==0.2.0)
  Using cached pydantic_core-2.46.4-cp310-cp310-manylinux_2_17_x86_64.manylinux2014_x86_64.whl.metadata (6.6 kB)
Collecting typing-inspection>=0.4.2 (from pydantic>=2.0->ardy==0.2.0)
  Using cached typing_inspection-0.4.4-py3-none-any.whl.metadata (2.6 kB)
Requirement already satisfied: networkx in /home/thomas/Dev/red-valley/tools/ardy_eval/.venv/lib/python3.10/site-packages (from torch>=2.4.0a0->ardy==0.2.0) (3.4.2)
Requirement already satisfied: jinja2 in /home/thomas/Dev/red-valley/tools/ardy_eval/.venv/lib/python3.10/site-packages (from torch>=2.4.0a0->ardy==0.2.0) (3.1.6)
Requirement already satisfied: nvidia-cuda-nvrtc-cu12==12.4.127 in /home/thomas/Dev/red-valley/tools/ardy_eval/.venv/lib/python3.10/site-packages (from torch>=2.4.0a0->ardy==0.2.0) (12.4.127)
Requirement already satisfied: nvidia-cuda-runtime-cu12==12.4.127 in /home/thomas/Dev/red-valley/tools/ardy_eval/.venv/lib/python3.10/site-packages (from torch>=2.4.0a0->ardy==0.2.0) (12.4.127)
Requirement already satisfied: nvidia-cuda-cupti-cu12==12.4.127 in /home/thomas/Dev/red-valley/tools/ardy_eval/.venv/lib/python3.10/site-packages (from torch>=2.4.0a0->ardy==0.2.0) (12.4.127)
Requirement already satisfied: nvidia-cudnn-cu12==9.1.0.70 in /home/thomas/Dev/red-valley/tools/ardy_eval/.venv/lib/python3.10/site-packages (from torch>=2.4.0a0->ardy==0.2.0) (9.1.0.70)
Requirement already satisfied: nvidia-cublas-cu12==12.4.5.8 in /home/thomas/Dev/red-valley/tools/ardy_eval/.venv/lib/python3.10/site-packages (from torch>=2.4.0a0->ardy==0.2.0) (12.4.5.8)
Requirement already satisfied: nvidia-cufft-cu12==11.2.1.3 in /home/thomas/Dev/red-valley/tools/ardy_eval/.venv/lib/python3.10/site-packages (from torch>=2.4.0a0->ardy==0.2.0) (11.2.1.3)
Requirement already satisfied: nvidia-curand-cu12==10.3.5.147 in /home/thomas/Dev/red-valley/tools/ardy_eval/.venv/lib/python3.10/site-packages (from torch>=2.4.0a0->ardy==0.2.0) (10.3.5.147)
Requirement already satisfied: nvidia-cusolver-cu12==11.6.1.9 in /home/thomas/Dev/red-valley/tools/ardy_eval/.venv/lib/python3.10/site-packages (from torch>=2.4.0a0->ardy==0.2.0) (11.6.1.9)
Requirement already satisfied: nvidia-cusparse-cu12==12.3.1.170 in /home/thomas/Dev/red-valley/tools/ardy_eval/.venv/lib/python3.10/site-packages (from torch>=2.4.0a0->ardy==0.2.0) (12.3.1.170)
Requirement already satisfied: nvidia-nccl-cu12==2.21.5 in /home/thomas/Dev/red-valley/tools/ardy_eval/.venv/lib/python3.10/site-packages (from torch>=2.4.0a0->ardy==0.2.0) (2.21.5)
Requirement already satisfied: nvidia-nvtx-cu12==12.4.127 in /home/thomas/Dev/red-valley/tools/ardy_eval/.venv/lib/python3.10/site-packages (from torch>=2.4.0a0->ardy==0.2.0) (12.4.127)
Requirement already satisfied: nvidia-nvjitlink-cu12==12.4.127 in /home/thomas/Dev/red-valley/tools/ardy_eval/.venv/lib/python3.10/site-packages (from torch>=2.4.0a0->ardy==0.2.0) (12.4.127)
Requirement already satisfied: triton==3.1.0 in /home/thomas/Dev/red-valley/tools/ardy_eval/.venv/lib/python3.10/site-packages (from torch>=2.4.0a0->ardy==0.2.0) (3.1.0)
Requirement already satisfied: mpmath<1.4,>=1.1.0 in /home/thomas/Dev/red-valley/tools/ardy_eval/.venv/lib/python3.10/site-packages (from sympy->einx>=0.3.0->vector-quantize-pytorch<1.26,>=1.25->ardy==0.2.0) (1.3.0)
Collecting exceptiongroup>=1.0.2 (from anyio->httpx<1,>=0.23.0->huggingface_hub>=1.0->ardy==0.2.0)
  Using cached exceptiongroup-1.3.1-py3-none-any.whl.metadata (6.7 kB)
Requirement already satisfied: MarkupSafe>=2.0 in /home/thomas/Dev/red-valley/tools/ardy_eval/.venv/lib/python3.10/site-packages (from jinja2->torch>=2.4.0a0->ardy==0.2.0) (3.0.3)
Collecting shellingham>=1.3.0 (from typer->transformers==5.8.1->ardy==0.2.0)
  Using cached shellingham-1.5.4-py2.py3-none-any.whl.metadata (3.5 kB)
Collecting rich>=13.8.0 (from typer->transformers==5.8.1->ardy==0.2.0)
  Using cached rich-15.0.0-py3-none-any.whl.metadata (18 kB)
Collecting annotated-doc>=0.0.2 (from typer->transformers==5.8.1->ardy==0.2.0)
  Using cached annotated_doc-0.0.5-py3-none-any.whl.metadata (6.5 kB)
Collecting markdown-it-py>=2.2.0 (from rich>=13.8.0->typer->transformers==5.8.1->ardy==0.2.0)
  Using cached markdown_it_py-4.2.0-py3-none-any.whl.metadata (7.4 kB)
Collecting pygments<3.0.0,>=2.13.0 (from rich>=13.8.0->typer->transformers==5.8.1->ardy==0.2.0)
  Using cached pygments-2.21.0-py3-none-any.whl.metadata (2.5 kB)
Collecting mdurl~=0.1 (from markdown-it-py>=2.2.0->rich>=13.8.0->typer->transformers==5.8.1->ardy==0.2.0)
  Using cached mdurl-0.1.2-py3-none-any.whl.metadata (1.6 kB)
Downloading transformers-5.8.1-py3-none-any.whl (10.6 MB)
   ━━━━━━━━━━━━━━━━━━━━━━━━━━━━━━━━━━━━━━━━ 10.6/10.6 MB 75.4 MB/s  0:00:00
Using cached huggingface_hub-1.28.0-py3-none-any.whl (793 kB)
Using cached click-8.4.2-py3-none-any.whl (119 kB)
Using cached hf_xet-1.6.0-cp38-abi3-manylinux2014_x86_64.manylinux_2_17_x86_64.whl (4.5 MB)
Using cached httpx-0.28.1-py3-none-any.whl (73 kB)
Using cached httpcore-1.0.9-py3-none-any.whl (78 kB)
Using cached numpy-1.26.4-cp310-cp310-manylinux_2_17_x86_64.manylinux2014_x86_64.whl (18.2 MB)
Using cached tokenizers-0.22.2-cp39-abi3-manylinux_2_17_x86_64.manylinux2014_x86_64.whl (3.3 MB)
Downloading vector_quantize_pytorch-1.25.2-py3-none-any.whl (50 kB)
Using cached einops-0.8.2-py3-none-any.whl (65 kB)
Downloading einx-0.4.3-py3-none-any.whl (163 kB)
Using cached gradio_client-2.6.0-py3-none-any.whl (61 kB)
Using cached h11-0.16.0-py3-none-any.whl (37 kB)
Downloading hydra_core-1.3.5-py3-none-any.whl (155 kB)
Using cached omegaconf-2.3.1-py3-none-any.whl (79 kB)
Downloading peft-0.20.0-py3-none-any.whl (775 kB)
   ━━━━━━━━━━━━━━━━━━━━━━━━━━━━━━━━━━━━━━━━ 775.8/775.8 kB 76.4 MB/s  0:00:00
Downloading accelerate-1.14.0-py3-none-any.whl (389 kB)
Using cached pydantic-2.13.4-py3-none-any.whl (472 kB)
Using cached pydantic_core-2.46.4-cp310-cp310-manylinux_2_17_x86_64.manylinux2014_x86_64.whl (2.1 MB)
Using cached annotated_types-0.8.0-py3-none-any.whl (13 kB)
Using cached pyyaml-6.0.3-cp310-cp310-manylinux2014_x86_64.manylinux_2_17_x86_64.manylinux_2_28_x86_64.whl (770 kB)
Using cached regex-2026.7.19-cp310-cp310-manylinux2014_x86_64.manylinux_2_17_x86_64.manylinux_2_28_x86_64.whl (793 kB)
Using cached safetensors-0.8.0-cp310-abi3-manylinux_2_17_x86_64.manylinux2014_x86_64.whl (516 kB)
Using cached scipy-1.15.3-cp310-cp310-manylinux_2_17_x86_64.manylinux2014_x86_64.whl (37.7 MB)
Using cached tqdm-4.70.0-py3-none-any.whl (80 kB)
Using cached typing_inspection-0.4.4-py3-none-any.whl (14 kB)
Using cached anyio-4.14.2-py3-none-any.whl (125 kB)
Using cached exceptiongroup-1.3.1-py3-none-any.whl (16 kB)
Using cached idna-3.19-py3-none-any.whl (68 kB)
Using cached certifi-2026.7.22-py3-none-any.whl (136 kB)
Downloading frozendict-2.4.7-cp310-cp310-manylinux2014_x86_64.manylinux_2_17_x86_64.manylinux_2_28_x86_64.whl (120 kB)
Using cached psutil-7.2.2-cp36-abi3-manylinux2010_x86_64.manylinux_2_12_x86_64.manylinux_2_28_x86_64.whl (155 kB)
Using cached typer-0.27.1-py3-none-any.whl (122 kB)
Using cached annotated_doc-0.0.5-py3-none-any.whl (5.3 kB)
Using cached rich-15.0.0-py3-none-any.whl (310 kB)
Using cached pygments-2.21.0-py3-none-any.whl (1.3 MB)
Using cached markdown_it_py-4.2.0-py3-none-any.whl (91 kB)
Using cached mdurl-0.1.2-py3-none-any.whl (10.0 kB)
Using cached shellingham-1.5.4-py2.py3-none-any.whl (9.8 kB)
Building wheels for collected packages: ardy
  Building editable for ardy (pyproject.toml): started
  Building editable for ardy (pyproject.toml): finished with status 'done'
  Created wheel for ardy: filename=ardy-0.2.0-0.editable-cp310-cp310-linux_x86_64.whl size=15553 sha256=25653a2f97b584c9c3dbd22ae79df7fa6c24904686a2f0ca5997e94a645d3cfa
  Stored in directory: /tmp/pip-ephem-wheel-cache-t_45cfoe/wheels/da/cb/e5/c3debe06b02ac68e4f6791a6fe297af4d5a5a94f0a08522ce7
Successfully built ardy
Installing collected packages: antlr4-python3-runtime, typing-inspection, tqdm, shellingham, safetensors, regex, pyyaml, pygments, pydantic-core, psutil, numpy, mdurl, idna, hf-xet, h11, frozendict, exceptiongroup, einops, click, certifi, annotated-types, annotated-doc, scipy, pydantic, omegaconf, markdown-it-py, httpcore, einx, anyio, rich, hydra-core, httpx, vector-quantize-pytorch, typer, huggingface_hub, tokenizers, gradio_client, accelerate, transformers, peft, ardy
  Attempting uninstall: numpy
    Found existing installation: numpy 2.2.6
    Uninstalling numpy-2.2.6:
      Successfully uninstalled numpy-2.2.6

Successfully installed accelerate-1.14.0 annotated-doc-0.0.5 annotated-types-0.8.0 antlr4-python3-runtime-4.9.3 anyio-4.14.2 ardy-0.2.0 certifi-2026.7.22 click-8.4.2 einops-0.8.2 einx-0.4.3 exceptiongroup-1.3.1 frozendict-2.4.7 gradio_client-2.6.0 h11-0.16.0 hf-xet-1.6.0 httpcore-1.0.9 httpx-0.28.1 huggingface_hub-1.28.0 hydra-core-1.3.5 idna-3.19 markdown-it-py-4.2.0 mdurl-0.1.2 numpy-1.26.4 omegaconf-2.3.1 peft-0.20.0 psutil-7.2.2 pydantic-2.13.4 pydantic-core-2.46.4 pygments-2.21.0 pyyaml-6.0.3 regex-2026.7.19 rich-15.0.0 safetensors-0.8.0 scipy-1.15.3 shellingham-1.5.4 tokenizers-0.22.2 tqdm-4.70.0 transformers-5.8.1 typer-0.27.1 typing-inspection-0.4.4 vector-quantize-pytorch-1.25.2
