[06:06:33] == torch state before
torch 2.13.0+cu130 cuda 13.0
[06:06:35] == pinning torch 2.6.0+cu124 (setup.sh's version) and purging mismatched builds
ERROR: pip's dependency resolver does not currently take into account all the packages that are installed. This behaviour is the source of the following dependency conflicts.
torchaudio 2.5.1+cu124 requires torch==2.5.1, but you have torch 2.6.0+cu124 which is incompatible.
WARNING: Running pip as the 'root' user can result in broken permissions and conflicting behaviour with the system package manager, possibly rendering your system unusable. It is recommended to use a virtual environment instead: https://pip.pypa.io/warnings/venv. Use the --root-user-action option if you know what you are doing and want to suppress this warning.
  OK torch pinned
WARNING: Skipping o_voxel as it is not installed.
WARNING: Skipping flexgemm as it is not installed.
WARNING: Skipping nvdiffrast as it is not installed.
WARNING: Skipping nvdiffrec_render as it is not installed.
WARNING: Skipping flash-attn as it is not installed.
WARNING: Running pip as the 'root' user can result in broken permissions and conflicting behaviour with the system package manager, possibly rendering your system unusable. It is recommended to use a virtual environment instead: https://pip.pypa.io/warnings/venv. Use the --root-user-action option if you know what you are doing and want to suppress this warning.
  now: 2.6.0+cu124 12.4
[06:07:09] == rebuilding extensions against the pinned torch
[06:07:09] == setup.sh --cumesh
fatal: destination path '/tmp/extensions/CuMesh' already exists and is not an empty directory.
Processing /tmp/extensions/CuMesh
  Preparing metadata (pyproject.toml): started
  Preparing metadata (pyproject.toml): finished with status 'done'
Requirement already satisfied: torch>=2.4.0 in /opt/conda/lib/python3.11/site-packages (from cumesh==0.0.1) (2.6.0+cu124)
Requirement already satisfied: tqdm in /opt/conda/lib/python3.11/site-packages (from cumesh==0.0.1) (4.67.1)
Requirement already satisfied: filelock in /opt/conda/lib/python3.11/site-packages (from torch>=2.4.0->cumesh==0.0.1) (3.16.1)
Requirement already satisfied: typing-extensions>=4.10.0 in /opt/conda/lib/python3.11/site-packages (from torch>=2.4.0->cumesh==0.0.1) (4.16.0)
Requirement already satisfied: networkx in /opt/conda/lib/python3.11/site-packages (from torch>=2.4.0->cumesh==0.0.1) (3.4.2)
Requirement already satisfied: jinja2 in /opt/conda/lib/python3.11/site-packages (from torch>=2.4.0->cumesh==0.0.1) (3.1.4)
Requirement already satisfied: fsspec in /opt/conda/lib/python3.11/site-packages (from torch>=2.4.0->cumesh==0.0.1) (2024.10.0)
Requirement already satisfied: nvidia-cuda-nvrtc-cu12==12.4.127 in /opt/conda/lib/python3.11/site-packages (from torch>=2.4.0->cumesh==0.0.1) (12.4.127)
Requirement already satisfied: nvidia-cuda-runtime-cu12==12.4.127 in /opt/conda/lib/python3.11/site-packages (from torch>=2.4.0->cumesh==0.0.1) (12.4.127)
Requirement already satisfied: nvidia-cuda-cupti-cu12==12.4.127 in /opt/conda/lib/python3.11/site-packages (from torch>=2.4.0->cumesh==0.0.1) (12.4.127)
Requirement already satisfied: nvidia-cudnn-cu12==9.1.0.70 in /opt/conda/lib/python3.11/site-packages (from torch>=2.4.0->cumesh==0.0.1) (9.1.0.70)
Requirement already satisfied: nvidia-cublas-cu12==12.4.5.8 in /opt/conda/lib/python3.11/site-packages (from torch>=2.4.0->cumesh==0.0.1) (12.4.5.8)
Requirement already satisfied: nvidia-cufft-cu12==11.2.1.3 in /opt/conda/lib/python3.11/site-packages (from torch>=2.4.0->cumesh==0.0.1) (11.2.1.3)
Requirement already satisfied: nvidia-curand-cu12==10.3.5.147 in /opt/conda/lib/python3.11/site-packages (from torch>=2.4.0->cumesh==0.0.1) (10.3.5.147)
Requirement already satisfied: nvidia-cusolver-cu12==11.6.1.9 in /opt/conda/lib/python3.11/site-packages (from torch>=2.4.0->cumesh==0.0.1) (11.6.1.9)
Requirement already satisfied: nvidia-cusparse-cu12==12.3.1.170 in /opt/conda/lib/python3.11/site-packages (from torch>=2.4.0->cumesh==0.0.1) (12.3.1.170)
Requirement already satisfied: nvidia-cusparselt-cu12==0.6.2 in /opt/conda/lib/python3.11/site-packages (from torch>=2.4.0->cumesh==0.0.1) (0.6.2)
Requirement already satisfied: nvidia-nccl-cu12==2.21.5 in /opt/conda/lib/python3.11/site-packages (from torch>=2.4.0->cumesh==0.0.1) (2.21.5)
Requirement already satisfied: nvidia-nvtx-cu12==12.4.127 in /opt/conda/lib/python3.11/site-packages (from torch>=2.4.0->cumesh==0.0.1) (12.4.127)
Requirement already satisfied: nvidia-nvjitlink-cu12==12.4.127 in /opt/conda/lib/python3.11/site-packages (from torch>=2.4.0->cumesh==0.0.1) (12.4.127)
Requirement already satisfied: triton==3.2.0 in /opt/conda/lib/python3.11/site-packages (from torch>=2.4.0->cumesh==0.0.1) (3.2.0)
Requirement already satisfied: sympy==1.13.1 in /opt/conda/lib/python3.11/site-packages (from torch>=2.4.0->cumesh==0.0.1) (1.13.1)
Requirement already satisfied: mpmath<1.4,>=1.1.0 in /opt/conda/lib/python3.11/site-packages (from sympy==1.13.1->torch>=2.4.0->cumesh==0.0.1) (1.3.0)
Requirement already satisfied: MarkupSafe>=2.0 in /opt/conda/lib/python3.11/site-packages (from jinja2->torch>=2.4.0->cumesh==0.0.1) (3.0.2)
Building wheels for collected packages: cumesh
  Building wheel for cumesh (pyproject.toml): started
  Building wheel for cumesh (pyproject.toml): still running...
  Building wheel for cumesh (pyproject.toml): still running...
  Building wheel for cumesh (pyproject.toml): finished with status 'done'
  Created wheel for cumesh: filename=cumesh-0.0.1-cp311-cp311-linux_x86_64.whl size=1994403 sha256=54190574dfd48e03bb442196b8c7f63ef8cda9e7d66bb417ab373346a1ff6515
  Stored in directory: /tmp/pip-ephem-wheel-cache-xsyi7sdb/wheels/43/5e/fb/c908e87498be7015f6371ffaffc6436b0fee9657020e88ac4e
Successfully built cumesh
Installing collected packages: cumesh
Successfully installed cumesh-0.0.1
WARNING: Running pip as the 'root' user can result in broken permissions and conflicting behaviour with the system package manager, possibly rendering your system unusable. It is recommended to use a virtual environment instead: https://pip.pypa.io/warnings/venv. Use the --root-user-action option if you know what you are doing and want to suppress this warning.
  OK --cumesh
[06:09:59] == setup.sh --o-voxel
Processing /tmp/extensions/o-voxel
  Preparing metadata (pyproject.toml): started
  Preparing metadata (pyproject.toml): finished with status 'done'
Requirement already satisfied: torch in /opt/conda/lib/python3.11/site-packages (from o_voxel==0.0.1) (2.6.0+cu124)
Requirement already satisfied: numpy in /opt/conda/lib/python3.11/site-packages (from o_voxel==0.0.1) (2.2.6)
Requirement already satisfied: plyfile in /opt/conda/lib/python3.11/site-packages (from o_voxel==0.0.1) (1.1.3)
Requirement already satisfied: trimesh in /opt/conda/lib/python3.11/site-packages (from o_voxel==0.0.1) (4.10.1)
Requirement already satisfied: tqdm in /opt/conda/lib/python3.11/site-packages (from o_voxel==0.0.1) (4.67.1)
Requirement already satisfied: zstandard in /opt/conda/lib/python3.11/site-packages (from o_voxel==0.0.1) (0.25.0)
Requirement already satisfied: easydict in /opt/conda/lib/python3.11/site-packages (from o_voxel==0.0.1) (1.13)
Collecting cumesh @ git+https://github.com/JeffreyXiang/CuMesh.git (from o_voxel==0.0.1)
  Cloning https://github.com/JeffreyXiang/CuMesh.git to /tmp/pip-install-jw7ty4n7/cumesh_d3fd9f9c90b443e1a799b4fddb5cdc63
  Running command git clone --filter=blob:none --quiet https://github.com/JeffreyXiang/CuMesh.git /tmp/pip-install-jw7ty4n7/cumesh_d3fd9f9c90b443e1a799b4fddb5cdc63
  Resolved https://github.com/JeffreyXiang/CuMesh.git to commit 12289e1062f0603f2f0d0771b02e1395d247f26f
  Running command git submodule update --init --recursive -q
  Preparing metadata (pyproject.toml): started
  Preparing metadata (pyproject.toml): finished with status 'done'
Collecting flex_gemm @ git+https://github.com/JeffreyXiang/FlexGEMM.git (from o_voxel==0.0.1)
  Cloning https://github.com/JeffreyXiang/FlexGEMM.git to /tmp/pip-install-jw7ty4n7/flex-gemm_43b27492346e43cdaafd231c9f76eae2
  Running command git clone --filter=blob:none --quiet https://github.com/JeffreyXiang/FlexGEMM.git /tmp/pip-install-jw7ty4n7/flex-gemm_43b27492346e43cdaafd231c9f76eae2
  Resolved https://github.com/JeffreyXiang/FlexGEMM.git to commit 6dd94a859c26ee8246888502eada3dd8ad85532e
  Preparing metadata (pyproject.toml): started
  Preparing metadata (pyproject.toml): finished with status 'done'
Requirement already satisfied: triton>=3.2.0 in /opt/conda/lib/python3.11/site-packages (from flex_gemm @ git+https://github.com/JeffreyXiang/FlexGEMM.git->o_voxel==0.0.1) (3.2.0)
Requirement already satisfied: filelock in /opt/conda/lib/python3.11/site-packages (from flex_gemm @ git+https://github.com/JeffreyXiang/FlexGEMM.git->o_voxel==0.0.1) (3.16.1)
Requirement already satisfied: typing-extensions>=4.10.0 in /opt/conda/lib/python3.11/site-packages (from torch->o_voxel==0.0.1) (4.16.0)
Requirement already satisfied: networkx in /opt/conda/lib/python3.11/site-packages (from torch->o_voxel==0.0.1) (3.4.2)
Requirement already satisfied: jinja2 in /opt/conda/lib/python3.11/site-packages (from torch->o_voxel==0.0.1) (3.1.4)
Requirement already satisfied: fsspec in /opt/conda/lib/python3.11/site-packages (from torch->o_voxel==0.0.1) (2024.10.0)
Requirement already satisfied: nvidia-cuda-nvrtc-cu12==12.4.127 in /opt/conda/lib/python3.11/site-packages (from torch->o_voxel==0.0.1) (12.4.127)
Requirement already satisfied: nvidia-cuda-runtime-cu12==12.4.127 in /opt/conda/lib/python3.11/site-packages (from torch->o_voxel==0.0.1) (12.4.127)
Requirement already satisfied: nvidia-cuda-cupti-cu12==12.4.127 in /opt/conda/lib/python3.11/site-packages (from torch->o_voxel==0.0.1) (12.4.127)
Requirement already satisfied: nvidia-cudnn-cu12==9.1.0.70 in /opt/conda/lib/python3.11/site-packages (from torch->o_voxel==0.0.1) (9.1.0.70)
Requirement already satisfied: nvidia-cublas-cu12==12.4.5.8 in /opt/conda/lib/python3.11/site-packages (from torch->o_voxel==0.0.1) (12.4.5.8)
Requirement already satisfied: nvidia-cufft-cu12==11.2.1.3 in /opt/conda/lib/python3.11/site-packages (from torch->o_voxel==0.0.1) (11.2.1.3)
Requirement already satisfied: nvidia-curand-cu12==10.3.5.147 in /opt/conda/lib/python3.11/site-packages (from torch->o_voxel==0.0.1) (10.3.5.147)
Requirement already satisfied: nvidia-cusolver-cu12==11.6.1.9 in /opt/conda/lib/python3.11/site-packages (from torch->o_voxel==0.0.1) (11.6.1.9)
Requirement already satisfied: nvidia-cusparse-cu12==12.3.1.170 in /opt/conda/lib/python3.11/site-packages (from torch->o_voxel==0.0.1) (12.3.1.170)
Requirement already satisfied: nvidia-cusparselt-cu12==0.6.2 in /opt/conda/lib/python3.11/site-packages (from torch->o_voxel==0.0.1) (0.6.2)
Requirement already satisfied: nvidia-nccl-cu12==2.21.5 in /opt/conda/lib/python3.11/site-packages (from torch->o_voxel==0.0.1) (2.21.5)
Requirement already satisfied: nvidia-nvtx-cu12==12.4.127 in /opt/conda/lib/python3.11/site-packages (from torch->o_voxel==0.0.1) (12.4.127)
Requirement already satisfied: nvidia-nvjitlink-cu12==12.4.127 in /opt/conda/lib/python3.11/site-packages (from torch->o_voxel==0.0.1) (12.4.127)
Requirement already satisfied: sympy==1.13.1 in /opt/conda/lib/python3.11/site-packages (from torch->o_voxel==0.0.1) (1.13.1)
Requirement already satisfied: mpmath<1.4,>=1.1.0 in /opt/conda/lib/python3.11/site-packages (from sympy==1.13.1->torch->o_voxel==0.0.1) (1.3.0)
Requirement already satisfied: MarkupSafe>=2.0 in /opt/conda/lib/python3.11/site-packages (from jinja2->torch->o_voxel==0.0.1) (3.0.2)
Building wheels for collected packages: o_voxel
  Building wheel for o_voxel (pyproject.toml): started
  Building wheel for o_voxel (pyproject.toml): finished with status 'error'
  error: subprocess-exited-with-error
  
  × Building wheel for o_voxel (pyproject.toml) did not run successfully.
  │ exit code: 1
  ╰─> [224 lines of output]
      Could not find an up-to-date installation of `packaging`. License expressions might not be validated. To enforce validation, please install `packaging>=24.2`.
      running bdist_wheel
      running build
      running build_py
      running egg_info
      writing o_voxel.egg-info/PKG-INFO
      writing dependency_links to o_voxel.egg-info/dependency_links.txt
      writing requirements to o_voxel.egg-info/requires.txt
      writing top-level names to o_voxel.egg-info/top_level.txt
      reading manifest file 'o_voxel.egg-info/SOURCES.txt'
      writing manifest file 'o_voxel.egg-info/SOURCES.txt'
      running build_ext
      /opt/conda/lib/python3.11/site-packages/torch/utils/cpp_extension.py:458: UserWarning: There are no g++ version bounds defined for CUDA version 12.4
        warnings.warn(f'There are no {compiler_name} version bounds defined for CUDA version {cuda_str_version}')
      building 'o_voxel._C' extension
      Emitting ninja build file /tmp/extensions/o-voxel/build/temp.linux-x86_64-cpython-311/build.ninja...
      Compiling objects...
      Using envvar MAX_JOBS (32) as the number of workers...
      [1/11] c++ -MMD -MF /tmp/extensions/o-voxel/build/temp.linux-x86_64-cpython-311/src/convert/flexible_dual_grid.o.d -pthread -B /opt/conda/compiler_compat -DNDEBUG -fwrapv -O2 -Wall -fPIC -O2 -isystem /opt/conda/include -fPIC -O2 -isystem /opt/conda/include -fPIC -I/tmp/extensions/o-voxel/third_party/eigen -I/opt/conda/lib/python3.11/site-packages/torch/include -I/opt/conda/lib/python3.11/site-packages/torch/include/torch/csrc/api/include -I/opt/conda/lib/python3.11/site-packages/torch/include/TH -I/opt/conda/lib/python3.11/site-packages/torch/include/THC -I/usr/local/cuda/include -I/opt/conda/include/python3.11 -c -c /tmp/extensions/o-voxel/src/convert/flexible_dual_grid.cpp -o /tmp/extensions/o-voxel/build/temp.linux-x86_64-cpython-311/src/convert/flexible_dual_grid.o -O3 -std=c++17 -DTORCH_API_INCLUDE_EXTENSION_H '-DPYBIND11_COMPILER_TYPE="_gcc"' '-DPYBIND11_STDLIB="_libstdcpp"' '-DPYBIND11_BUILD_ABI="_cxxabi1011"' -DTORCH_EXTENSION_NAME=_C -D_GLIBCXX_USE_CXX11_ABI=0
      FAILED: /tmp/extensions/o-voxel/build/temp.linux-x86_64-cpython-311/src/convert/flexible_dual_grid.o
      c++ -MMD -MF /tmp/extensions/o-voxel/build/temp.linux-x86_64-cpython-311/src/convert/flexible_dual_grid.o.d -pthread -B /opt/conda/compiler_compat -DNDEBUG -fwrapv -O2 -Wall -fPIC -O2 -isystem /opt/conda/include -fPIC -O2 -isystem /opt/conda/include -fPIC -I/tmp/extensions/o-voxel/third_party/eigen -I/opt/conda/lib/python3.11/site-packages/torch/include -I/opt/conda/lib/python3.11/site-packages/torch/include/torch/csrc/api/include -I/opt/conda/lib/python3.11/site-packages/torch/include/TH -I/opt/conda/lib/python3.11/site-packages/torch/include/THC -I/usr/local/cuda/include -I/opt/conda/include/python3.11 -c -c /tmp/extensions/o-voxel/src/convert/flexible_dual_grid.cpp -o /tmp/extensions/o-voxel/build/temp.linux-x86_64-cpython-311/src/convert/flexible_dual_grid.o -O3 -std=c++17 -DTORCH_API_INCLUDE_EXTENSION_H '-DPYBIND11_COMPILER_TYPE="_gcc"' '-DPYBIND11_STDLIB="_libstdcpp"' '-DPYBIND11_BUILD_ABI="_cxxabi1011"' -DTORCH_EXTENSION_NAME=_C -D_GLIBCXX_USE_CXX11_ABI=0
      /tmp/extensions/o-voxel/src/convert/flexible_dual_grid.cpp:1:10: fatal error: Eigen/Dense: No such file or directory
          1 | #include <Eigen/Dense>
            |          ^~~~~~~~~~~~~
      compilation terminated.
      [2/11] c++ -MMD -MF /tmp/extensions/o-voxel/build/temp.linux-x86_64-cpython-311/src/convert/volumetic_attr.o.d -pthread -B /opt/conda/compiler_compat -DNDEBUG -fwrapv -O2 -Wall -fPIC -O2 -isystem /opt/conda/include -fPIC -O2 -isystem /opt/conda/include -fPIC -I/tmp/extensions/o-voxel/third_party/eigen -I/opt/conda/lib/python3.11/site-packages/torch/include -I/opt/conda/lib/python3.11/site-packages/torch/include/torch/csrc/api/include -I/opt/conda/lib/python3.11/site-packages/torch/include/TH -I/opt/conda/lib/python3.11/site-packages/torch/include/THC -I/usr/local/cuda/include -I/opt/conda/include/python3.11 -c -c /tmp/extensions/o-voxel/src/convert/volumetic_attr.cpp -o /tmp/extensions/o-voxel/build/temp.linux-x86_64-cpython-311/src/convert/volumetic_attr.o -O3 -std=c++17 -DTORCH_API_INCLUDE_EXTENSION_H '-DPYBIND11_COMPILER_TYPE="_gcc"' '-DPYBIND11_STDLIB="_libstdcpp"' '-DPYBIND11_BUILD_ABI="_cxxabi1011"' -DTORCH_EXTENSION_NAME=_C -D_GLIBCXX_USE_CXX11_ABI=0
      FAILED: /tmp/extensions/o-voxel/build/temp.linux-x86_64-cpython-311/src/convert/volumetic_attr.o
      c++ -MMD -MF /tmp/extensions/o-voxel/build/temp.linux-x86_64-cpython-311/src/convert/volumetic_attr.o.d -pthread -B /opt/conda/compiler_compat -DNDEBUG -fwrapv -O2 -Wall -fPIC -O2 -isystem /opt/conda/include -fPIC -O2 -isystem /opt/conda/include -fPIC -I/tmp/extensions/o-voxel/third_party/eigen -I/opt/conda/lib/python3.11/site-packages/torch/include -I/opt/conda/lib/python3.11/site-packages/torch/include/torch/csrc/api/include -I/opt/conda/lib/python3.11/site-packages/torch/include/TH -I/opt/conda/lib/python3.11/site-packages/torch/include/THC -I/usr/local/cuda/include -I/opt/conda/include/python3.11 -c -c /tmp/extensions/o-voxel/src/convert/volumetic_attr.cpp -o /tmp/extensions/o-voxel/build/temp.linux-x86_64-cpython-311/src/convert/volumetic_attr.o -O3 -std=c++17 -DTORCH_API_INCLUDE_EXTENSION_H '-DPYBIND11_COMPILER_TYPE="_gcc"' '-DPYBIND11_STDLIB="_libstdcpp"' '-DPYBIND11_BUILD_ABI="_cxxabi1011"' -DTORCH_EXTENSION_NAME=_C -D_GLIBCXX_USE_CXX11_ABI=0
      /tmp/extensions/o-voxel/src/convert/volumetic_attr.cpp:6:10: fatal error: Eigen/Dense: No such file or directory
          6 | #include <Eigen/Dense>
            |          ^~~~~~~~~~~~~
      compilation terminated.
      [3/11] /usr/local/cuda/bin/nvcc --generate-dependencies-with-compile --dependency-output /tmp/extensions/o-voxel/build/temp.linux-x86_64-cpython-311/src/serialize/z_order.o.d -I/tmp/extensions/o-voxel/third_party/eigen -I/opt/conda/lib/python3.11/site-packages/torch/include -I/opt/conda/lib/python3.11/site-packages/torch/include/torch/csrc/api/include -I/opt/conda/lib/python3.11/site-packages/torch/include/TH -I/opt/conda/lib/python3.11/site-packages/torch/include/THC -I/usr/local/cuda/include -I/opt/conda/include/python3.11 -c -c /tmp/extensions/o-voxel/src/serialize/z_order.cu -o /tmp/extensions/o-voxel/build/temp.linux-x86_64-cpython-311/src/serialize/z_order.o -D__CUDA_NO_HALF_OPERATORS__ -D__CUDA_NO_HALF_CONVERSIONS__ -D__CUDA_NO_BFLOAT16_CONVERSIONS__ -D__CUDA_NO_HALF2_OPERATORS__ --expt-relaxed-constexpr --compiler-options ''"'"'-fPIC'"'"'' -O3 -std=c++17 -DTORCH_API_INCLUDE_EXTENSION_H '-DPYBIND11_COMPILER_TYPE="_gcc"' '-DPYBIND11_STDLIB="_libstdcpp"' '-DPYBIND11_BUILD_ABI="_cxxabi1011"' -DTORCH_EXTENSION_NAME=_C -D_GLIBCXX_USE_CXX11_ABI=0 -gencode=arch=compute_80,code=sm_80
      [4/11] /usr/local/cuda/bin/nvcc --generate-dependencies-with-compile --dependency-output /tmp/extensions/o-voxel/build/temp.linux-x86_64-cpython-311/src/serialize/hilbert.o.d -I/tmp/extensions/o-voxel/third_party/eigen -I/opt/conda/lib/python3.11/site-packages/torch/include -I/opt/conda/lib/python3.11/site-packages/torch/include/torch/csrc/api/include -I/opt/conda/lib/python3.11/site-packages/torch/include/TH -I/opt/conda/lib/python3.11/site-packages/torch/include/THC -I/usr/local/cuda/include -I/opt/conda/include/python3.11 -c -c /tmp/extensions/o-voxel/src/serialize/hilbert.cu -o /tmp/extensions/o-voxel/build/temp.linux-x86_64-cpython-311/src/serialize/hilbert.o -D__CUDA_NO_HALF_OPERATORS__ -D__CUDA_NO_HALF_CONVERSIONS__ -D__CUDA_NO_BFLOAT16_CONVERSIONS__ -D__CUDA_NO_HALF2_OPERATORS__ --expt-relaxed-constexpr --compiler-options ''"'"'-fPIC'"'"'' -O3 -std=c++17 -DTORCH_API_INCLUDE_EXTENSION_H '-DPYBIND11_COMPILER_TYPE="_gcc"' '-DPYBIND11_STDLIB="_libstdcpp"' '-DPYBIND11_BUILD_ABI="_cxxabi1011"' -DTORCH_EXTENSION_NAME=_C -D_GLIBCXX_USE_CXX11_ABI=0 -gencode=arch=compute_80,code=sm_80
      [5/11] c++ -MMD -MF /tmp/extensions/o-voxel/build/temp.linux-x86_64-cpython-311/src/io/filter_neighbor.o.d -pthread -B /opt/conda/compiler_compat -DNDEBUG -fwrapv -O2 -Wall -fPIC -O2 -isystem /opt/conda/include -fPIC -O2 -isystem /opt/conda/include -fPIC -I/tmp/extensions/o-voxel/third_party/eigen -I/opt/conda/lib/python3.11/site-packages/torch/include -I/opt/conda/lib/python3.11/site-packages/torch/include/torch/csrc/api/include -I/opt/conda/lib/python3.11/site-packages/torch/include/TH -I/opt/conda/lib/python3.11/site-packages/torch/include/THC -I/usr/local/cuda/include -I/opt/conda/include/python3.11 -c -c /tmp/extensions/o-voxel/src/io/filter_neighbor.cpp -o /tmp/extensions/o-voxel/build/temp.linux-x86_64-cpython-311/src/io/filter_neighbor.o -O3 -std=c++17 -DTORCH_API_INCLUDE_EXTENSION_H '-DPYBIND11_COMPILER_TYPE="_gcc"' '-DPYBIND11_STDLIB="_libstdcpp"' '-DPYBIND11_BUILD_ABI="_cxxabi1011"' -DTORCH_EXTENSION_NAME=_C -D_GLIBCXX_USE_CXX11_ABI=0
      /tmp/extensions/o-voxel/src/io/filter_neighbor.cpp: In function ‘at::Tensor encode_sparse_voxel_octree_attr_neighbor_cpu(const at::Tensor&, uint32_t, const at::Tensor&)’:
      /tmp/extensions/o-voxel/src/io/filter_neighbor.cpp:30:23: warning: comparison of integer expressions of different signedness: ‘int’ and ‘size_t’ {aka ‘long unsigned int’} [-Wsign-compare]
         30 |     for (int i = 0; i < N; i++) {
            |                     ~~^~~
      /tmp/extensions/o-voxel/src/io/filter_neighbor.cpp:36:27: warning: comparison of integer expressions of different signedness: ‘int’ and ‘size_t’ {aka ‘long unsigned int’} [-Wsign-compare]
         36 |         for (int c = 0; c < C; c++) {
            |                         ~~^~~
      /tmp/extensions/o-voxel/src/io/filter_neighbor.cpp:71:39: warning: comparison of integer expressions of different signedness: ‘int’ and ‘size_t’ {aka ‘long unsigned int’} [-Wsign-compare]
         71 |                     for (int c = 0; c < C; c++) {
            |                                     ~~^~~
      /tmp/extensions/o-voxel/src/io/filter_neighbor.cpp:80:41: warning: narrowing conversion of ‘N’ from ‘size_t’ {aka ‘long unsigned int’} to ‘long int’ [-Wnarrowing]
         80 |     torch::Tensor delta = torch::zeros({N, C}, torch::dtype(torch::kUInt8));
            |                                         ^
      /tmp/extensions/o-voxel/src/io/filter_neighbor.cpp:80:41: warning: narrowing conversion of ‘N’ from ‘size_t’ {aka ‘long unsigned int’} to ‘long int’ [-Wnarrowing]
      /tmp/extensions/o-voxel/src/io/filter_neighbor.cpp:80:44: warning: narrowing conversion of ‘C’ from ‘size_t’ {aka ‘long unsigned int’} to ‘long int’ [-Wnarrowing]
         80 |     torch::Tensor delta = torch::zeros({N, C}, torch::dtype(torch::kUInt8));
            |                                            ^
      /tmp/extensions/o-voxel/src/io/filter_neighbor.cpp:80:44: warning: narrowing conversion of ‘C’ from ‘size_t’ {aka ‘long unsigned int’} to ‘long int’ [-Wnarrowing]
      /tmp/extensions/o-voxel/src/io/filter_neighbor.cpp:82:23: warning: comparison of integer expressions of different signedness: ‘int’ and ‘size_t’ {aka ‘long unsigned int’} [-Wsign-compare]
         82 |     for (int i = 0; i < N; i++) {
            |                     ~~^~~
      /tmp/extensions/o-voxel/src/io/filter_neighbor.cpp:87:27: warning: comparison of integer expressions of different signedness: ‘int’ and ‘size_t’ {aka ‘long unsigned int’} [-Wsign-compare]
         87 |         for (int c = 0; c < C; c++) {
            |                         ~~^~~
      /tmp/extensions/o-voxel/src/io/filter_neighbor.cpp: In function ‘at::Tensor decode_sparse_voxel_octree_attr_neighbor_cpu(const at::Tensor&, uint32_t, const at::Tensor&)’:
      /tmp/extensions/o-voxel/src/io/filter_neighbor.cpp:116:23: warning: comparison of integer expressions of different signedness: ‘int’ and ‘size_t’ {aka ‘long unsigned int’} [-Wsign-compare]
        116 |     for (int i = 0; i < N; i++) {
            |                     ~~^~~
      /tmp/extensions/o-voxel/src/io/filter_neighbor.cpp:122:27: warning: comparison of integer expressions of different signedness: ‘int’ and ‘size_t’ {aka ‘long unsigned int’} [-Wsign-compare]
        122 |         for (int c = 0; c < C; c++) {
            |                         ~~^~~
      /tmp/extensions/o-voxel/src/io/filter_neighbor.cpp:128:23: warning: comparison of integer expressions of different signedness: ‘int’ and ‘const uint32_t’ {aka ‘const unsigned int’} [-Wsign-compare]
        128 |     for (int z = 0; z < res; z++) {
            |                     ~~^~~~~
      /tmp/extensions/o-voxel/src/io/filter_neighbor.cpp:129:27: warning: comparison of integer expressions of different signedness: ‘int’ and ‘const uint32_t’ {aka ‘const unsigned int’} [-Wsign-compare]
        129 |         for (int y = 0; y < res; y++) {
            |                         ~~^~~~~
      /tmp/extensions/o-voxel/src/io/filter_neighbor.cpp:130:31: warning: comparison of integer expressions of different signedness: ‘int’ and ‘const uint32_t’ {aka ‘const unsigned int’} [-Wsign-compare]
        130 |             for (int x = 0; x < res; x++) {
            |                             ~~^~~~~
      /tmp/extensions/o-voxel/src/io/filter_neighbor.cpp:157:39: warning: comparison of integer expressions of different signedness: ‘int’ and ‘size_t’ {aka ‘long unsigned int’} [-Wsign-compare]
        157 |                     for (int c = 0; c < C; c++) {
            |                                     ~~^~~
      /tmp/extensions/o-voxel/src/io/filter_neighbor.cpp:166:40: warning: narrowing conversion of ‘N’ from ‘size_t’ {aka ‘long unsigned int’} to ‘long int’ [-Wnarrowing]
        166 |     torch::Tensor attr = torch::zeros({N, C}, torch::dtype(torch::kUInt8));
            |                                        ^
      /tmp/extensions/o-voxel/src/io/filter_neighbor.cpp:166:40: warning: narrowing conversion of ‘N’ from ‘size_t’ {aka ‘long unsigned int’} to ‘long int’ [-Wnarrowing]
      /tmp/extensions/o-voxel/src/io/filter_neighbor.cpp:166:43: warning: narrowing conversion of ‘C’ from ‘size_t’ {aka ‘long unsigned int’} to ‘long int’ [-Wnarrowing]
        166 |     torch::Tensor attr = torch::zeros({N, C}, torch::dtype(torch::kUInt8));
            |                                           ^
      /tmp/extensions/o-voxel/src/io/filter_neighbor.cpp:166:43: warning: narrowing conversion of ‘C’ from ‘size_t’ {aka ‘long unsigned int’} to ‘long int’ [-Wnarrowing]
      /tmp/extensions/o-voxel/src/io/filter_neighbor.cpp:168:23: warning: comparison of integer expressions of different signedness: ‘int’ and ‘size_t’ {aka ‘long unsigned int’} [-Wsign-compare]
        168 |     for (int i = 0; i < N; i++) {
            |                     ~~^~~
      /tmp/extensions/o-voxel/src/io/filter_neighbor.cpp:173:27: warning: comparison of integer expressions of different signedness: ‘int’ and ‘size_t’ {aka ‘long unsigned int’} [-Wsign-compare]
        173 |         for (int c = 0; c < C; c++) {
            |                         ~~^~~
      [6/11] c++ -MMD -MF /tmp/extensions/o-voxel/build/temp.linux-x86_64-cpython-311/src/io/filter_parent.o.d -pthread -B /opt/conda/compiler_compat -DNDEBUG -fwrapv -O2 -Wall -fPIC -O2 -isystem /opt/conda/include -fPIC -O2 -isystem /opt/conda/include -fPIC -I/tmp/extensions/o-voxel/third_party/eigen -I/opt/conda/lib/python3.11/site-packages/torch/include -I/opt/conda/lib/python3.11/site-packages/torch/include/torch/csrc/api/include -I/opt/conda/lib/python3.11/site-packages/torch/include/TH -I/opt/conda/lib/python3.11/site-packages/torch/include/THC -I/usr/local/cuda/include -I/opt/conda/include/python3.11 -c -c /tmp/extensions/o-voxel/src/io/filter_parent.cpp -o /tmp/extensions/o-voxel/build/temp.linux-x86_64-cpython-311/src/io/filter_parent.o -O3 -std=c++17 -DTORCH_API_INCLUDE_EXTENSION_H '-DPYBIND11_COMPILER_TYPE="_gcc"' '-DPYBIND11_STDLIB="_libstdcpp"' '-DPYBIND11_BUILD_ABI="_cxxabi1011"' -DTORCH_EXTENSION_NAME=_C -D_GLIBCXX_USE_CXX11_ABI=0
      /tmp/extensions/o-voxel/src/io/filter_parent.cpp: In function ‘at::Tensor encode_sparse_voxel_octree_attr_parent_cpu(const at::Tensor&, uint32_t, const at::Tensor&)’:
      /tmp/extensions/o-voxel/src/io/filter_parent.cpp:83:41: warning: narrowing conversion of ‘N_leaf’ from ‘size_t’ {aka ‘long unsigned int’} to ‘long int’ [-Wnarrowing]
         83 |     torch::Tensor delta = torch::zeros({N_leaf, C}, torch::kUInt8);
            |                                         ^~~~~~
      /tmp/extensions/o-voxel/src/io/filter_parent.cpp:83:41: warning: narrowing conversion of ‘N_leaf’ from ‘size_t’ {aka ‘long unsigned int’} to ‘long int’ [-Wnarrowing]
      /tmp/extensions/o-voxel/src/io/filter_parent.cpp:83:49: warning: narrowing conversion of ‘C’ from ‘size_t’ {aka ‘long unsigned int’} to ‘long int’ [-Wnarrowing]
         83 |     torch::Tensor delta = torch::zeros({N_leaf, C}, torch::kUInt8);
            |                                                 ^
      /tmp/extensions/o-voxel/src/io/filter_parent.cpp:83:49: warning: narrowing conversion of ‘C’ from ‘size_t’ {aka ‘long unsigned int’} to ‘long int’ [-Wnarrowing]
      /tmp/extensions/o-voxel/src/io/filter_parent.cpp:78:12: warning: unused variable ‘N_node’ [-Wunused-variable]
         78 |     size_t N_node = octree.size(0);
            |            ^~~~~~
      /tmp/extensions/o-voxel/src/io/filter_parent.cpp: In function ‘at::Tensor decode_sparse_voxel_octree_attr_parent_cpu(const at::Tensor&, uint32_t, const at::Tensor&)’:
      /tmp/extensions/o-voxel/src/io/filter_parent.cpp:154:40: warning: narrowing conversion of ‘N_leaf’ from ‘size_t’ {aka ‘long unsigned int’} to ‘long int’ [-Wnarrowing]
        154 |     torch::Tensor attr = torch::zeros({N_leaf, C}, torch::kUInt8);
            |                                        ^~~~~~
      /tmp/extensions/o-voxel/src/io/filter_parent.cpp:154:40: warning: narrowing conversion of ‘N_leaf’ from ‘size_t’ {aka ‘long unsigned int’} to ‘long int’ [-Wnarrowing]
      /tmp/extensions/o-voxel/src/io/filter_parent.cpp:154:48: warning: narrowing conversion of ‘C’ from ‘size_t’ {aka ‘long unsigned int’} to ‘long int’ [-Wnarrowing]
        154 |     torch::Tensor attr = torch::zeros({N_leaf, C}, torch::kUInt8);
            |                                                ^
      /tmp/extensions/o-voxel/src/io/filter_parent.cpp:154:48: warning: narrowing conversion of ‘C’ from ‘size_t’ {aka ‘long unsigned int’} to ‘long int’ [-Wnarrowing]
      /tmp/extensions/o-voxel/src/io/filter_parent.cpp:148:12: warning: unused variable ‘N_node’ [-Wunused-variable]
        148 |     size_t N_node = octree.size(0);
            |            ^~~~~~
      [7/11] c++ -MMD -MF /tmp/extensions/o-voxel/build/temp.linux-x86_64-cpython-311/src/io/svo.o.d -pthread -B /opt/conda/compiler_compat -DNDEBUG -fwrapv -O2 -Wall -fPIC -O2 -isystem /opt/conda/include -fPIC -O2 -isystem /opt/conda/include -fPIC -I/tmp/extensions/o-voxel/third_party/eigen -I/opt/conda/lib/python3.11/site-packages/torch/include -I/opt/conda/lib/python3.11/site-packages/torch/include/torch/csrc/api/include -I/opt/conda/lib/python3.11/site-packages/torch/include/TH -I/opt/conda/lib/python3.11/site-packages/torch/include/THC -I/usr/local/cuda/include -I/opt/conda/include/python3.11 -c -c /tmp/extensions/o-voxel/src/io/svo.cpp -o /tmp/extensions/o-voxel/build/temp.linux-x86_64-cpython-311/src/io/svo.o -O3 -std=c++17 -DTORCH_API_INCLUDE_EXTENSION_H '-DPYBIND11_COMPILER_TYPE="_gcc"' '-DPYBIND11_STDLIB="_libstdcpp"' '-DPYBIND11_BUILD_ABI="_cxxabi1011"' -DTORCH_EXTENSION_NAME=_C -D_GLIBCXX_USE_CXX11_ABI=0
      /tmp/extensions/o-voxel/src/io/svo.cpp: In function ‘at::Tensor encode_sparse_voxel_octree_cpu(const at::Tensor&, uint32_t)’:
      /tmp/extensions/o-voxel/src/io/svo.cpp:35:23: warning: comparison of integer expressions of different signedness: ‘int’ and ‘size_t’ {aka ‘long unsigned int’} [-Wsign-compare]
         35 |     for (int i = 0; i < N_leaf; i++) {
            |                     ~~^~~~~~~~
      /tmp/extensions/o-voxel/src/io/svo.cpp:74:70: warning: narrowing conversion of ‘svo.std::vector<unsigned char, std::allocator<unsigned char> >::size()’ from ‘std::vector<unsigned char, std::allocator<unsigned char> >::size_type’ {aka ‘long unsigned int’} to ‘long int’ [-Wnarrowing]
         74 |     torch::Tensor svo_tensor = torch::from_blob(svo.data(), {svo.size()}, torch::kUInt8).clone();
            |                                                              ~~~~~~~~^~
      /tmp/extensions/o-voxel/src/io/svo.cpp:74:70: warning: narrowing conversion of ‘svo.std::vector<unsigned char, std::allocator<unsigned char> >::size()’ from ‘std::vector<unsigned char, std::allocator<unsigned char> >::size_type’ {aka ‘long unsigned int’} to ‘long int’ [-Wnarrowing]
      /tmp/extensions/o-voxel/src/io/svo.cpp: In function ‘at::Tensor decode_sparse_voxel_octree_cpu(const at::Tensor&, uint32_t)’:
      /tmp/extensions/o-voxel/src/io/svo.cpp:136:76: warning: narrowing conversion of ‘codes.std::vector<unsigned int>::size()’ from ‘std::vector<unsigned int>::size_type’ {aka ‘long unsigned int’} to ‘long int’ [-Wnarrowing]
        136 |     torch::Tensor codes_tensor = torch::from_blob(codes.data(), {codes.size()}, torch::kInt32).clone();
            |                                                                  ~~~~~~~~~~^~
      /tmp/extensions/o-voxel/src/io/svo.cpp:136:76: warning: narrowing conversion of ‘codes.std::vector<unsigned int>::size()’ from ‘std::vector<unsigned int>::size_type’ {aka ‘long unsigned int’} to ‘long int’ [-Wnarrowing]
      [8/11] c++ -MMD -MF /tmp/extensions/o-voxel/build/temp.linux-x86_64-cpython-311/src/ext.o.d -pthread -B /opt/conda/compiler_compat -DNDEBUG -fwrapv -O2 -Wall -fPIC -O2 -isystem /opt/conda/include -fPIC -O2 -isystem /opt/conda/include -fPIC -I/tmp/extensions/o-voxel/third_party/eigen -I/opt/conda/lib/python3.11/site-packages/torch/include -I/opt/conda/lib/python3.11/site-packages/torch/include/torch/csrc/api/include -I/opt/conda/lib/python3.11/site-packages/torch/include/TH -I/opt/conda/lib/python3.11/site-packages/torch/include/THC -I/usr/local/cuda/include -I/opt/conda/include/python3.11 -c -c /tmp/extensions/o-voxel/src/ext.cpp -o /tmp/extensions/o-voxel/build/temp.linux-x86_64-cpython-311/src/ext.o -O3 -std=c++17 -DTORCH_API_INCLUDE_EXTENSION_H '-DPYBIND11_COMPILER_TYPE="_gcc"' '-DPYBIND11_STDLIB="_libstdcpp"' '-DPYBIND11_BUILD_ABI="_cxxabi1011"' -DTORCH_EXTENSION_NAME=_C -D_GLIBCXX_USE_CXX11_ABI=0
      [9/11] /usr/local/cuda/bin/nvcc --generate-dependencies-with-compile --dependency-output /tmp/extensions/o-voxel/build/temp.linux-x86_64-cpython-311/src/rasterize/rasterize.o.d -I/tmp/extensions/o-voxel/third_party/eigen -I/opt/conda/lib/python3.11/site-packages/torch/include -I/opt/conda/lib/python3.11/site-packages/torch/include/torch/csrc/api/include -I/opt/conda/lib/python3.11/site-packages/torch/include/TH -I/opt/conda/lib/python3.11/site-packages/torch/include/THC -I/usr/local/cuda/include -I/opt/conda/include/python3.11 -c -c /tmp/extensions/o-voxel/src/rasterize/rasterize.cu -o /tmp/extensions/o-voxel/build/temp.linux-x86_64-cpython-311/src/rasterize/rasterize.o -D__CUDA_NO_HALF_OPERATORS__ -D__CUDA_NO_HALF_CONVERSIONS__ -D__CUDA_NO_BFLOAT16_CONVERSIONS__ -D__CUDA_NO_HALF2_OPERATORS__ --expt-relaxed-constexpr --compiler-options ''"'"'-fPIC'"'"'' -O3 -std=c++17 -DTORCH_API_INCLUDE_EXTENSION_H '-DPYBIND11_COMPILER_TYPE="_gcc"' '-DPYBIND11_STDLIB="_libstdcpp"' '-DPYBIND11_BUILD_ABI="_cxxabi1011"' -DTORCH_EXTENSION_NAME=_C -D_GLIBCXX_USE_CXX11_ABI=0 -gencode=arch=compute_80,code=sm_80
      /tmp/extensions/o-voxel/src/rasterize/auxiliary.h(132): warning #177-D: variable "p_proj" was declared but never referenced
         float3 p_proj = { p_hom.x * p_w, p_hom.y * p_w, p_hom.z * p_w };
                ^
      
      Remark: The warnings can be suppressed with "-diag-suppress <warning-number>"
      
      [10/11] /usr/local/cuda/bin/nvcc --generate-dependencies-with-compile --dependency-output /tmp/extensions/o-voxel/build/temp.linux-x86_64-cpython-311/src/serialize/api.o.d -I/tmp/extensions/o-voxel/third_party/eigen -I/opt/conda/lib/python3.11/site-packages/torch/include -I/opt/conda/lib/python3.11/site-packages/torch/include/torch/csrc/api/include -I/opt/conda/lib/python3.11/site-packages/torch/include/TH -I/opt/conda/lib/python3.11/site-packages/torch/include/THC -I/usr/local/cuda/include -I/opt/conda/include/python3.11 -c -c /tmp/extensions/o-voxel/src/serialize/api.cu -o /tmp/extensions/o-voxel/build/temp.linux-x86_64-cpython-311/src/serialize/api.o -D__CUDA_NO_HALF_OPERATORS__ -D__CUDA_NO_HALF_CONVERSIONS__ -D__CUDA_NO_BFLOAT16_CONVERSIONS__ -D__CUDA_NO_HALF2_OPERATORS__ --expt-relaxed-constexpr --compiler-options ''"'"'-fPIC'"'"'' -O3 -std=c++17 -DTORCH_API_INCLUDE_EXTENSION_H '-DPYBIND11_COMPILER_TYPE="_gcc"' '-DPYBIND11_STDLIB="_libstdcpp"' '-DPYBIND11_BUILD_ABI="_cxxabi1011"' -DTORCH_EXTENSION_NAME=_C -D_GLIBCXX_USE_CXX11_ABI=0 -gencode=arch=compute_80,code=sm_80
      [11/11] /usr/local/cuda/bin/nvcc --generate-dependencies-with-compile --dependency-output /tmp/extensions/o-voxel/build/temp.linux-x86_64-cpython-311/src/hash/hash.o.d -I/tmp/extensions/o-voxel/third_party/eigen -I/opt/conda/lib/python3.11/site-packages/torch/include -I/opt/conda/lib/python3.11/site-packages/torch/include/torch/csrc/api/include -I/opt/conda/lib/python3.11/site-packages/torch/include/TH -I/opt/conda/lib/python3.11/site-packages/torch/include/THC -I/usr/local/cuda/include -I/opt/conda/include/python3.11 -c -c /tmp/extensions/o-voxel/src/hash/hash.cu -o /tmp/extensions/o-voxel/build/temp.linux-x86_64-cpython-311/src/hash/hash.o -D__CUDA_NO_HALF_OPERATORS__ -D__CUDA_NO_HALF_CONVERSIONS__ -D__CUDA_NO_BFLOAT16_CONVERSIONS__ -D__CUDA_NO_HALF2_OPERATORS__ --expt-relaxed-constexpr --compiler-options ''"'"'-fPIC'"'"'' -O3 -std=c++17 -DTORCH_API_INCLUDE_EXTENSION_H '-DPYBIND11_COMPILER_TYPE="_gcc"' '-DPYBIND11_STDLIB="_libstdcpp"' '-DPYBIND11_BUILD_ABI="_cxxabi1011"' -DTORCH_EXTENSION_NAME=_C -D_GLIBCXX_USE_CXX11_ABI=0 -gencode=arch=compute_80,code=sm_80
      ninja: build stopped: subcommand failed.
      Traceback (most recent call last):
        File "/opt/conda/lib/python3.11/site-packages/torch/utils/cpp_extension.py", line 2209, in _run_ninja_build
          subprocess.run(
        File "/opt/conda/lib/python3.11/subprocess.py", line 571, in run
          raise CalledProcessError(retcode, process.args,
      subprocess.CalledProcessError: Command '['ninja', '-v', '-j', '32']' returned non-zero exit status 1.
      
      The above exception was the direct cause of the following exception:
      
      Traceback (most recent call last):
        File "/opt/conda/lib/python3.11/site-packages/pip/_vendor/pyproject_hooks/_in_process/_in_process.py", line 389, in <module>
          main()
        File "/opt/conda/lib/python3.11/site-packages/pip/_vendor/pyproject_hooks/_in_process/_in_process.py", line 373, in main
          json_out["return_val"] = hook(**hook_input["kwargs"])
                                   ^^^^^^^^^^^^^^^^^^^^^^^^^^^^
        File "/opt/conda/lib/python3.11/site-packages/pip/_vendor/pyproject_hooks/_in_process/_in_process.py", line 280, in build_wheel
          return _build_backend().build_wheel(
                 ^^^^^^^^^^^^^^^^^^^^^^^^^^^^^
        File "/opt/conda/lib/python3.11/site-packages/setuptools/build_meta.py", line 441, in build_wheel
          return _build(['bdist_wheel', '--dist-info-dir', str(metadata_directory)])
                 ^^^^^^^^^^^^^^^^^^^^^^^^^^^^^^^^^^^^^^^^^^^^^^^^^^^^^^^^^^^^^^^^^^^
        File "/opt/conda/lib/python3.11/site-packages/setuptools/build_meta.py", line 429, in _build
          return self._build_with_temp_dir(
                 ^^^^^^^^^^^^^^^^^^^^^^^^^^
        File "/opt/conda/lib/python3.11/site-packages/setuptools/build_meta.py", line 410, in _build_with_temp_dir
          self.run_setup()
        File "/opt/conda/lib/python3.11/site-packages/setuptools/build_meta.py", line 317, in run_setup
          exec(code, locals())  # noqa: S102 # exec is intentional here
          ^^^^^^^^^^^^^^^^^^^^
        File "<string>", line 25, in <module>
        File "/opt/conda/lib/python3.11/site-packages/setuptools/__init__.py", line 117, in setup
          return distutils.core.setup(**attrs)  # type: ignore[return-value]
                 ^^^^^^^^^^^^^^^^^^^^^^^^^^^^^
        File "/opt/conda/lib/python3.11/site-packages/setuptools/_distutils/core.py", line 168, in setup
          return run_commands(dist)
                 ^^^^^^^^^^^^^^^^^^
        File "/opt/conda/lib/python3.11/site-packages/setuptools/_distutils/core.py", line 184, in run_commands
          dist.run_commands()
        File "/opt/conda/lib/python3.11/site-packages/setuptools/_distutils/dist.py", line 1028, in run_commands
          self.run_command(cmd)
        File "/opt/conda/lib/python3.11/site-packages/setuptools/dist.py", line 1106, in run_command
          super().run_command(command)
        File "/opt/conda/lib/python3.11/site-packages/setuptools/_distutils/dist.py", line 1047, in run_command
          cmd_obj.run()
        File "/opt/conda/lib/python3.11/site-packages/setuptools/command/bdist_wheel.py", line 385, in run
          self.run_command("build")
        File "/opt/conda/lib/python3.11/site-packages/setuptools/_distutils/cmd.py", line 342, in run_command
          self.distribution.run_command(command)
        File "/opt/conda/lib/python3.11/site-packages/setuptools/dist.py", line 1106, in run_command
          super().run_command(command)
        File "/opt/conda/lib/python3.11/site-packages/setuptools/_distutils/dist.py", line 1047, in run_command
          cmd_obj.run()
        File "/opt/conda/lib/python3.11/site-packages/setuptools/_distutils/command/build.py", line 137, in run
          self.run_command(cmd_name)
        File "/opt/conda/lib/python3.11/site-packages/setuptools/_distutils/cmd.py", line 342, in run_command
          self.distribution.run_command(command)
        File "/opt/conda/lib/python3.11/site-packages/setuptools/dist.py", line 1106, in run_command
          super().run_command(command)
        File "/opt/conda/lib/python3.11/site-packages/setuptools/_distutils/dist.py", line 1047, in run_command
          cmd_obj.run()
        File "/opt/conda/lib/python3.11/site-packages/setuptools/command/build_ext.py", line 95, in run
          _build_ext.run(self)
        File "/opt/conda/lib/python3.11/site-packages/setuptools/_distutils/command/build_ext.py", line 382, in run
          self.build_extensions()
        File "/opt/conda/lib/python3.11/site-packages/torch/utils/cpp_extension.py", line 900, in build_extensions
          build_ext.build_extensions(self)
        File "/opt/conda/lib/python3.11/site-packages/setuptools/_distutils/command/build_ext.py", line 498, in build_extensions
          self._build_extensions_serial()
        File "/opt/conda/lib/python3.11/site-packages/setuptools/_distutils/command/build_ext.py", line 524, in _build_extensions_serial
          self.build_extension(ext)
        File "/opt/conda/lib/python3.11/site-packages/setuptools/command/build_ext.py", line 260, in build_extension
          _build_ext.build_extension(self, ext)
        File "/opt/conda/lib/python3.11/site-packages/setuptools/_distutils/command/build_ext.py", line 585, in build_extension
          objects = self.compiler.compile(
                    ^^^^^^^^^^^^^^^^^^^^^^
        File "/opt/conda/lib/python3.11/site-packages/torch/utils/cpp_extension.py", line 713, in unix_wrap_ninja_compile
          _write_ninja_file_and_compile_objects(
        File "/opt/conda/lib/python3.11/site-packages/torch/utils/cpp_extension.py", line 1869, in _write_ninja_file_and_compile_objects
          _run_ninja_build(
        File "/opt/conda/lib/python3.11/site-packages/torch/utils/cpp_extension.py", line 2225, in _run_ninja_build
          raise RuntimeError(message) from e
      RuntimeError: Error compiling objects for extension
      [end of output]
  
  note: This error originates from a subprocess, and is likely not a problem with pip.
  ERROR: Failed building wheel for o_voxel
Failed to build o_voxel
error: failed-wheel-build-for-install

× Failed to build installable wheels for some pyproject.toml based projects
╰─> o_voxel
  FAIL --o-voxel
[06:11:15] == setup.sh --flexgemm
fatal: destination path '/tmp/extensions/FlexGEMM' already exists and is not an empty directory.
Processing /tmp/extensions/FlexGEMM
  Preparing metadata (pyproject.toml): started
  Preparing metadata (pyproject.toml): finished with status 'done'
Requirement already satisfied: torch>=2.4.0 in /opt/conda/lib/python3.11/site-packages (from flex_gemm==1.0.0) (2.6.0+cu124)
Requirement already satisfied: triton>=3.2.0 in /opt/conda/lib/python3.11/site-packages (from flex_gemm==1.0.0) (3.2.0)
Requirement already satisfied: filelock in /opt/conda/lib/python3.11/site-packages (from flex_gemm==1.0.0) (3.16.1)
Requirement already satisfied: typing-extensions>=4.10.0 in /opt/conda/lib/python3.11/site-packages (from torch>=2.4.0->flex_gemm==1.0.0) (4.16.0)
Requirement already satisfied: networkx in /opt/conda/lib/python3.11/site-packages (from torch>=2.4.0->flex_gemm==1.0.0) (3.4.2)
Requirement already satisfied: jinja2 in /opt/conda/lib/python3.11/site-packages (from torch>=2.4.0->flex_gemm==1.0.0) (3.1.4)
Requirement already satisfied: fsspec in /opt/conda/lib/python3.11/site-packages (from torch>=2.4.0->flex_gemm==1.0.0) (2024.10.0)
Requirement already satisfied: nvidia-cuda-nvrtc-cu12==12.4.127 in /opt/conda/lib/python3.11/site-packages (from torch>=2.4.0->flex_gemm==1.0.0) (12.4.127)
Requirement already satisfied: nvidia-cuda-runtime-cu12==12.4.127 in /opt/conda/lib/python3.11/site-packages (from torch>=2.4.0->flex_gemm==1.0.0) (12.4.127)
Requirement already satisfied: nvidia-cuda-cupti-cu12==12.4.127 in /opt/conda/lib/python3.11/site-packages (from torch>=2.4.0->flex_gemm==1.0.0) (12.4.127)
Requirement already satisfied: nvidia-cudnn-cu12==9.1.0.70 in /opt/conda/lib/python3.11/site-packages (from torch>=2.4.0->flex_gemm==1.0.0) (9.1.0.70)
Requirement already satisfied: nvidia-cublas-cu12==12.4.5.8 in /opt/conda/lib/python3.11/site-packages (from torch>=2.4.0->flex_gemm==1.0.0) (12.4.5.8)
Requirement already satisfied: nvidia-cufft-cu12==11.2.1.3 in /opt/conda/lib/python3.11/site-packages (from torch>=2.4.0->flex_gemm==1.0.0) (11.2.1.3)
Requirement already satisfied: nvidia-curand-cu12==10.3.5.147 in /opt/conda/lib/python3.11/site-packages (from torch>=2.4.0->flex_gemm==1.0.0) (10.3.5.147)
Requirement already satisfied: nvidia-cusolver-cu12==11.6.1.9 in /opt/conda/lib/python3.11/site-packages (from torch>=2.4.0->flex_gemm==1.0.0) (11.6.1.9)
Requirement already satisfied: nvidia-cusparse-cu12==12.3.1.170 in /opt/conda/lib/python3.11/site-packages (from torch>=2.4.0->flex_gemm==1.0.0) (12.3.1.170)
Requirement already satisfied: nvidia-cusparselt-cu12==0.6.2 in /opt/conda/lib/python3.11/site-packages (from torch>=2.4.0->flex_gemm==1.0.0) (0.6.2)
Requirement already satisfied: nvidia-nccl-cu12==2.21.5 in /opt/conda/lib/python3.11/site-packages (from torch>=2.4.0->flex_gemm==1.0.0) (2.21.5)
Requirement already satisfied: nvidia-nvtx-cu12==12.4.127 in /opt/conda/lib/python3.11/site-packages (from torch>=2.4.0->flex_gemm==1.0.0) (12.4.127)
Requirement already satisfied: nvidia-nvjitlink-cu12==12.4.127 in /opt/conda/lib/python3.11/site-packages (from torch>=2.4.0->flex_gemm==1.0.0) (12.4.127)
Requirement already satisfied: sympy==1.13.1 in /opt/conda/lib/python3.11/site-packages (from torch>=2.4.0->flex_gemm==1.0.0) (1.13.1)
Requirement already satisfied: mpmath<1.4,>=1.1.0 in /opt/conda/lib/python3.11/site-packages (from sympy==1.13.1->torch>=2.4.0->flex_gemm==1.0.0) (1.3.0)
Requirement already satisfied: MarkupSafe>=2.0 in /opt/conda/lib/python3.11/site-packages (from jinja2->torch>=2.4.0->flex_gemm==1.0.0) (3.0.2)
Building wheels for collected packages: flex_gemm
  Building wheel for flex_gemm (pyproject.toml): started
  Building wheel for flex_gemm (pyproject.toml): finished with status 'done'
  Created wheel for flex_gemm: filename=flex_gemm-1.0.0-cp311-cp311-linux_x86_64.whl size=283480 sha256=6bf184f22d9f18d3eb13528d59847c6f2ed9562b23a34df081cdf3ecfb3963e1
  Stored in directory: /tmp/pip-ephem-wheel-cache-5f32cgba/wheels/2a/c0/0f/d307a7ce421009944d80eacd194b775515dddcd773d76696df
Successfully built flex_gemm
Installing collected packages: flex_gemm
  Attempting uninstall: flex_gemm
    Found existing installation: flex_gemm 1.0.0
    Uninstalling flex_gemm-1.0.0:
      Successfully uninstalled flex_gemm-1.0.0
Successfully installed flex_gemm-1.0.0
WARNING: Running pip as the 'root' user can result in broken permissions and conflicting behaviour with the system package manager, possibly rendering your system unusable. It is recommended to use a virtual environment instead: https://pip.pypa.io/warnings/venv. Use the --root-user-action option if you know what you are doing and want to suppress this warning.
  OK --flexgemm
[06:12:14] == setup.sh --nvdiffrast
fatal: destination path '/tmp/extensions/nvdiffrast' already exists and is not an empty directory.
Processing /tmp/extensions/nvdiffrast
  Preparing metadata (pyproject.toml): started
  Preparing metadata (pyproject.toml): finished with status 'done'
Requirement already satisfied: numpy in /opt/conda/lib/python3.11/site-packages (from nvdiffrast==0.4.0) (2.2.6)
Building wheels for collected packages: nvdiffrast
  Building wheel for nvdiffrast (pyproject.toml): started
  Building wheel for nvdiffrast (pyproject.toml): finished with status 'done'
  Created wheel for nvdiffrast: filename=nvdiffrast-0.4.0-cp311-cp311-linux_x86_64.whl size=735240 sha256=a436479ed1ae94cdf3e3f18c74492fa79e4c8d6996cbeb46e01a9eb72d2b3c8e
  Stored in directory: /tmp/pip-ephem-wheel-cache-oe8q3v46/wheels/9b/24/87/597200d133c1c15a55c5b56fbcf6bdb977cf776ab804031c1a
Successfully built nvdiffrast
Installing collected packages: nvdiffrast
Successfully installed nvdiffrast-0.4.0
WARNING: Running pip as the 'root' user can result in broken permissions and conflicting behaviour with the system package manager, possibly rendering your system unusable. It is recommended to use a virtual environment instead: https://pip.pypa.io/warnings/venv. Use the --root-user-action option if you know what you are doing and want to suppress this warning.
  OK --nvdiffrast
[06:12:41] == setup.sh --nvdiffrec
fatal: destination path '/tmp/extensions/nvdiffrec' already exists and is not an empty directory.
Processing /tmp/extensions/nvdiffrec
  Preparing metadata (pyproject.toml): started
  Preparing metadata (pyproject.toml): finished with status 'done'
Building wheels for collected packages: nvdiffrec_render
  Building wheel for nvdiffrec_render (pyproject.toml): started
  Building wheel for nvdiffrec_render (pyproject.toml): finished with status 'done'
  Created wheel for nvdiffrec_render: filename=nvdiffrec_render-0.0.0-cp311-cp311-linux_x86_64.whl size=754263 sha256=615c7d56b7d736de6c63bea10bd68e46cbd512ba5a43d6353e8e971c9512c95d
  Stored in directory: /tmp/pip-ephem-wheel-cache-q21vnh6t/wheels/e2/06/86/55a156823dab4eb063fc33c73dbfa502ff9df69e61f6504ea1
Successfully built nvdiffrec_render
Installing collected packages: nvdiffrec_render
Successfully installed nvdiffrec_render-0.0.0
WARNING: Running pip as the 'root' user can result in broken permissions and conflicting behaviour with the system package manager, possibly rendering your system unusable. It is recommended to use a virtual environment instead: https://pip.pypa.io/warnings/venv. Use the --root-user-action option if you know what you are doing and want to suppress this warning.
  OK --nvdiffrec
[06:13:06] == setup.sh --flash-attn
Collecting flash-attn==2.7.3
  Using cached flash_attn-2.7.3.tar.gz (3.2 MB)
  Installing build dependencies: started
  Installing build dependencies: finished with status 'done'
  Getting requirements to build wheel: started
  Getting requirements to build wheel: finished with status 'error'
  error: subprocess-exited-with-error
  
  × Getting requirements to build wheel did not run successfully.
  │ exit code: 1
  ╰─> [23 lines of output]
      /tmp/pip-build-env-9c9zmgql/overlay/lib/python3.11/site-packages/setuptools/_vendor/wheel/bdist_wheel.py:4: FutureWarning: The 'wheel' package is no longer the canonical location of the 'bdist_wheel' command, and will be removed in a future release. Please update to setuptools v70.1 or later which contains an integrated version of this command.
        warn(
      Traceback (most recent call last):
        File "/opt/conda/lib/python3.11/site-packages/pip/_vendor/pyproject_hooks/_in_process/_in_process.py", line 389, in <module>
          main()
        File "/opt/conda/lib/python3.11/site-packages/pip/_vendor/pyproject_hooks/_in_process/_in_process.py", line 373, in main
          json_out["return_val"] = hook(**hook_input["kwargs"])
                                   ^^^^^^^^^^^^^^^^^^^^^^^^^^^^
        File "/opt/conda/lib/python3.11/site-packages/pip/_vendor/pyproject_hooks/_in_process/_in_process.py", line 143, in get_requires_for_build_wheel
          return hook(config_settings)
                 ^^^^^^^^^^^^^^^^^^^^^
        File "/tmp/pip-build-env-9c9zmgql/overlay/lib/python3.11/site-packages/setuptools/build_meta.py", line 333, in get_requires_for_build_wheel
          return self._get_build_requires(config_settings, requirements=[])
                 ^^^^^^^^^^^^^^^^^^^^^^^^^^^^^^^^^^^^^^^^^^^^^^^^^^^^^^^^^^
        File "/tmp/pip-build-env-9c9zmgql/overlay/lib/python3.11/site-packages/setuptools/build_meta.py", line 301, in _get_build_requires
          self.run_setup()
        File "/tmp/pip-build-env-9c9zmgql/overlay/lib/python3.11/site-packages/setuptools/build_meta.py", line 520, in run_setup
          super().run_setup(setup_script=setup_script)
        File "/tmp/pip-build-env-9c9zmgql/overlay/lib/python3.11/site-packages/setuptools/build_meta.py", line 317, in run_setup
          exec(code, locals())  # noqa: S102 # exec is intentional here
          ^^^^^^^^^^^^^^^^^^^^
        File "<string>", line 22, in <module>
      ModuleNotFoundError: No module named 'torch'
      [end of output]
  
  note: This error originates from a subprocess, and is likely not a problem with pip.
ERROR: Failed to build 'flash-attn' when getting requirements to build wheel
  OK --flash-attn
[06:13:09] == import check
  ok       cumesh
  MISSING  o_voxel [REQUIRED] ModuleNotFoundError: No module named 'o_voxel'
  MISSING  flexgemm [REQUIRED] ModuleNotFoundError: No module named 'flexgemm'
  ok       nvdiffrast.torch
  MISSING  flash_attn [optional] ModuleNotFoundError: No module named 'flash_attn'
  ok       nvdiffrec_render
  torch 2.6.0+cu124 cuda True
[06:13:11] == PHASE4 DONE
